// Jest Snapshot v1, https://goo.gl/fbAQLP

exports[`TableMonth correct render 1`] = `
<div
  class="mx-calendar mx-calendar-panel-month"
>
  <div
    class="mx-calendar-header"
  >
    <button
      class="mx-btn mx-btn-text mx-btn-icon-double-left"
      type="button"
    >
      <i
        class="mx-icon-double-left"
      />
    </button>
     
    <button
      class="mx-btn mx-btn-text mx-btn-icon-double-right"
      type="button"
    >
      <i
        class="mx-icon-double-right"
      />
    </button>
     
    <span
      class="mx-calendar-header-label"
    >
      <button
        class="mx-btn mx-btn-text"
        type="button"
      >
        
        2019
      
      </button>
    </span>
  </div>
   
  <div
    class="mx-calendar-content"
  >
    <table
      class="mx-table mx-table-month"
    >
      <tr>
        <td
          class="cell"
          data-month="0"
          role="button"
          tabindex="0"
        >
          <div>
            Jan
          </div>
        </td>
        <td
          class="cell"
          data-month="1"
          role="button"
          tabindex="0"
        >
          <div>
            Feb
          </div>
        </td>
        <td
          class="cell"
          data-month="2"
          role="button"
          tabindex="0"
        >
          <div>
            Mar
          </div>
        </td>
      </tr>
      <tr>
        <td
          class="cell"
          data-month="3"
          role="button"
          tabindex="0"
        >
          <div>
            Apr
          </div>
        </td>
        <td
          class="cell"
          data-month="4"
          role="button"
          tabindex="0"
        >
          <div>
            May
          </div>
        </td>
        <td
          class="cell"
          data-month="5"
          role="button"
          tabindex="0"
        >
          <div>
            Jun
          </div>
        </td>
      </tr>
      <tr>
        <td
          class="cell"
          data-month="6"
          role="button"
          tabindex="0"
        >
          <div>
            Jul
          </div>
        </td>
        <td
          class="cell"
          data-month="7"
          role="button"
          tabindex="0"
        >
          <div>
            Aug
          </div>
        </td>
        <td
          class="cell"
          data-month="8"
          role="button"
          tabindex="0"
        >
          <div>
            Sep
          </div>
        </td>
      </tr>
      <tr>
        <td
          class="cell active"
          data-month="9"
          role="button"
          tabindex="0"
        >
          <div>
            Oct
          </div>
        </td>
        <td
          class="cell"
          data-month="10"
          role="button"
          tabindex="0"
        >
          <div>
            Nov
          </div>
        </td>
        <td
          class="cell"
          data-month="11"
          role="button"
          tabindex="0"
        >
          <div>
            Dec
          </div>
        </td>
      </tr>
    </table>
  </div>
</div>
`;
